------------------------------------------------------------
TimeQuest Timing Analyzer Summary
------------------------------------------------------------

Type  : Slow 1200mV 85C Model Setup 'CLOCK_50'
Slack : -3.181
TNS   : -67.170

Type  : Slow 1200mV 85C Model Setup 'clock_divider_1hz:comb_3|clk_out'
Slack : -2.991
TNS   : -20.699

Type  : Slow 1200mV 85C Model Setup 'counter_divider:div|q[5]'
Slack : -2.989
TNS   : -18.282

Type  : Slow 1200mV 85C Model Setup 'Control:controller|state[0]'
Slack : 0.136
TNS   : 0.000

Type  : Slow 1200mV 85C Model Hold 'Control:controller|state[0]'
Slack : -1.518
TNS   : -3.467

Type  : Slow 1200mV 85C Model Hold 'clock_divider_1hz:comb_3|clk_out'
Slack : -1.424
TNS   : -8.151

Type  : Slow 1200mV 85C Model Hold 'CLOCK_50'
Slack : -0.139
TNS   : -0.139

Type  : Slow 1200mV 85C Model Hold 'counter_divider:div|q[5]'
Slack : 0.436
TNS   : 0.000

Type  : Slow 1200mV 85C Model Minimum Pulse Width 'CLOCK_50'
Slack : -3.000
TNS   : -45.405

Type  : Slow 1200mV 85C Model Minimum Pulse Width 'counter_divider:div|q[5]'
Slack : -1.285
TNS   : -19.275

Type  : Slow 1200mV 85C Model Minimum Pulse Width 'clock_divider_1hz:comb_3|clk_out'
Slack : -1.285
TNS   : -11.565

Type  : Slow 1200mV 85C Model Minimum Pulse Width 'Control:controller|state[0]'
Slack : 0.390
TNS   : 0.000

Type  : Slow 1200mV 0C Model Setup 'CLOCK_50'
Slack : -2.867
TNS   : -58.214

Type  : Slow 1200mV 0C Model Setup 'counter_divider:div|q[5]'
Slack : -2.641
TNS   : -15.781

Type  : Slow 1200mV 0C Model Setup 'clock_divider_1hz:comb_3|clk_out'
Slack : -2.525
TNS   : -18.015

Type  : Slow 1200mV 0C Model Setup 'Control:controller|state[0]'
Slack : 0.100
TNS   : 0.000

Type  : Slow 1200mV 0C Model Hold 'Control:controller|state[0]'
Slack : -1.309
TNS   : -2.988

Type  : Slow 1200mV 0C Model Hold 'clock_divider_1hz:comb_3|clk_out'
Slack : -1.231
TNS   : -7.084

Type  : Slow 1200mV 0C Model Hold 'CLOCK_50'
Slack : -0.119
TNS   : -0.119

Type  : Slow 1200mV 0C Model Hold 'counter_divider:div|q[5]'
Slack : 0.401
TNS   : 0.000

Type  : Slow 1200mV 0C Model Minimum Pulse Width 'CLOCK_50'
Slack : -3.000
TNS   : -45.405

Type  : Slow 1200mV 0C Model Minimum Pulse Width 'counter_divider:div|q[5]'
Slack : -1.285
TNS   : -19.275

Type  : Slow 1200mV 0C Model Minimum Pulse Width 'clock_divider_1hz:comb_3|clk_out'
Slack : -1.285
TNS   : -11.565

Type  : Slow 1200mV 0C Model Minimum Pulse Width 'Control:controller|state[0]'
Slack : 0.435
TNS   : 0.000

Type  : Fast 1200mV 0C Model Setup 'clock_divider_1hz:comb_3|clk_out'
Slack : -1.090
TNS   : -5.736

Type  : Fast 1200mV 0C Model Setup 'CLOCK_50'
Slack : -1.031
TNS   : -16.161

Type  : Fast 1200mV 0C Model Setup 'counter_divider:div|q[5]'
Slack : -0.950
TNS   : -5.041

Type  : Fast 1200mV 0C Model Setup 'Control:controller|state[0]'
Slack : 0.304
TNS   : 0.000

Type  : Fast 1200mV 0C Model Hold 'clock_divider_1hz:comb_3|clk_out'
Slack : -0.904
TNS   : -5.371

Type  : Fast 1200mV 0C Model Hold 'Control:controller|state[0]'
Slack : -0.819
TNS   : -2.040

Type  : Fast 1200mV 0C Model Hold 'CLOCK_50'
Slack : -0.261
TNS   : -0.365

Type  : Fast 1200mV 0C Model Hold 'counter_divider:div|q[5]'
Slack : 0.192
TNS   : 0.000

Type  : Fast 1200mV 0C Model Minimum Pulse Width 'CLOCK_50'
Slack : -3.000
TNS   : -38.007

Type  : Fast 1200mV 0C Model Minimum Pulse Width 'counter_divider:div|q[5]'
Slack : -1.000
TNS   : -15.000

Type  : Fast 1200mV 0C Model Minimum Pulse Width 'clock_divider_1hz:comb_3|clk_out'
Slack : -1.000
TNS   : -9.000

Type  : Fast 1200mV 0C Model Minimum Pulse Width 'Control:controller|state[0]'
Slack : 0.267
TNS   : 0.000

------------------------------------------------------------
