------------------------------------------------------------
TimeQuest Timing Analyzer Summary
------------------------------------------------------------

Type  : Slow 1200mV 85C Model Setup 'counter_divider:div|q[5]'
Slack : -5.471
TNS   : -36.129

Type  : Slow 1200mV 85C Model Setup 'CLOCK_50'
Slack : -3.159
TNS   : -60.320

Type  : Slow 1200mV 85C Model Setup 'clock_divider_1hz:comb_3|clk_out'
Slack : -3.113
TNS   : -24.933

Type  : Slow 1200mV 85C Model Setup 'Control:controller|counter[1]'
Slack : -1.996
TNS   : -19.747

Type  : Slow 1200mV 85C Model Setup 'Control:controller|state[0]'
Slack : -0.188
TNS   : -0.499

Type  : Slow 1200mV 85C Model Hold 'Control:controller|counter[1]'
Slack : -6.314
TNS   : -45.382

Type  : Slow 1200mV 85C Model Hold 'clock_divider_1hz:comb_3|clk_out'
Slack : -0.909
TNS   : -4.648

Type  : Slow 1200mV 85C Model Hold 'Control:controller|state[0]'
Slack : -0.600
TNS   : -1.532

Type  : Slow 1200mV 85C Model Hold 'CLOCK_50'
Slack : -0.033
TNS   : -0.033

Type  : Slow 1200mV 85C Model Hold 'counter_divider:div|q[5]'
Slack : 0.553
TNS   : 0.000

Type  : Slow 1200mV 85C Model Minimum Pulse Width 'CLOCK_50'
Slack : -3.000
TNS   : -42.835

Type  : Slow 1200mV 85C Model Minimum Pulse Width 'Control:controller|counter[1]'
Slack : -1.576
TNS   : -62.995

Type  : Slow 1200mV 85C Model Minimum Pulse Width 'counter_divider:div|q[5]'
Slack : -1.285
TNS   : -19.275

Type  : Slow 1200mV 85C Model Minimum Pulse Width 'clock_divider_1hz:comb_3|clk_out'
Slack : -1.285
TNS   : -11.565

Type  : Slow 1200mV 85C Model Minimum Pulse Width 'Control:controller|state[0]'
Slack : 0.378
TNS   : 0.000

Type  : Slow 1200mV 0C Model Setup 'counter_divider:div|q[5]'
Slack : -4.879
TNS   : -31.584

Type  : Slow 1200mV 0C Model Setup 'CLOCK_50'
Slack : -2.846
TNS   : -51.903

Type  : Slow 1200mV 0C Model Setup 'clock_divider_1hz:comb_3|clk_out'
Slack : -2.699
TNS   : -21.868

Type  : Slow 1200mV 0C Model Setup 'Control:controller|counter[1]'
Slack : -1.818
TNS   : -17.123

Type  : Slow 1200mV 0C Model Setup 'Control:controller|state[0]'
Slack : -0.226
TNS   : -0.630

Type  : Slow 1200mV 0C Model Hold 'Control:controller|counter[1]'
Slack : -5.677
TNS   : -40.821

Type  : Slow 1200mV 0C Model Hold 'clock_divider_1hz:comb_3|clk_out'
Slack : -0.773
TNS   : -4.215

Type  : Slow 1200mV 0C Model Hold 'Control:controller|state[0]'
Slack : -0.453
TNS   : -1.078

Type  : Slow 1200mV 0C Model Hold 'CLOCK_50'
Slack : -0.023
TNS   : -0.023

Type  : Slow 1200mV 0C Model Hold 'counter_divider:div|q[5]'
Slack : 0.499
TNS   : 0.000

Type  : Slow 1200mV 0C Model Minimum Pulse Width 'CLOCK_50'
Slack : -3.000
TNS   : -42.835

Type  : Slow 1200mV 0C Model Minimum Pulse Width 'Control:controller|counter[1]'
Slack : -1.426
TNS   : -52.868

Type  : Slow 1200mV 0C Model Minimum Pulse Width 'counter_divider:div|q[5]'
Slack : -1.285
TNS   : -19.275

Type  : Slow 1200mV 0C Model Minimum Pulse Width 'clock_divider_1hz:comb_3|clk_out'
Slack : -1.285
TNS   : -11.565

Type  : Slow 1200mV 0C Model Minimum Pulse Width 'Control:controller|state[0]'
Slack : 0.333
TNS   : 0.000

Type  : Fast 1200mV 0C Model Setup 'counter_divider:div|q[5]'
Slack : -2.524
TNS   : -15.991

Type  : Fast 1200mV 0C Model Setup 'clock_divider_1hz:comb_3|clk_out'
Slack : -1.068
TNS   : -8.195

Type  : Fast 1200mV 0C Model Setup 'CLOCK_50'
Slack : -1.014
TNS   : -13.592

Type  : Fast 1200mV 0C Model Setup 'Control:controller|counter[1]'
Slack : -0.432
TNS   : -3.696

Type  : Fast 1200mV 0C Model Setup 'Control:controller|state[0]'
Slack : 0.110
TNS   : 0.000

Type  : Fast 1200mV 0C Model Hold 'Control:controller|counter[1]'
Slack : -3.284
TNS   : -23.740

Type  : Fast 1200mV 0C Model Hold 'clock_divider_1hz:comb_3|clk_out'
Slack : -0.548
TNS   : -3.079

Type  : Fast 1200mV 0C Model Hold 'Control:controller|state[0]'
Slack : -0.476
TNS   : -1.350

Type  : Fast 1200mV 0C Model Hold 'CLOCK_50'
Slack : -0.189
TNS   : -0.273

Type  : Fast 1200mV 0C Model Hold 'counter_divider:div|q[5]'
Slack : 0.252
TNS   : 0.000

Type  : Fast 1200mV 0C Model Minimum Pulse Width 'CLOCK_50'
Slack : -3.000
TNS   : -35.873

Type  : Fast 1200mV 0C Model Minimum Pulse Width 'counter_divider:div|q[5]'
Slack : -1.000
TNS   : -15.000

Type  : Fast 1200mV 0C Model Minimum Pulse Width 'clock_divider_1hz:comb_3|clk_out'
Slack : -1.000
TNS   : -9.000

Type  : Fast 1200mV 0C Model Minimum Pulse Width 'Control:controller|counter[1]'
Slack : -0.524
TNS   : -16.604

Type  : Fast 1200mV 0C Model Minimum Pulse Width 'Control:controller|state[0]'
Slack : 0.430
TNS   : 0.000

------------------------------------------------------------
